
> @nexus-core/frontend@0.1.0 build
> next build

⚠ Warning: Next.js inferred your workspace root, but it may not be correct.
 We detected multiple lockfiles and selected the directory of C:\Users\ricardo.dias\develop\projetos\nexus-core\package-lock.json as the root directory.
 To silence this warning, set `turbopack.root` in your Next.js config, or consider removing one of the lockfiles if it's not needed.
   See https://nextjs.org/docs/app/api-reference/config/next-config-js/turbopack#root-directory for more information.
 Detected additional lockfiles: 
   * C:\Users\ricardo.dias\develop\projetos\nexus-core\apps\frontend\package-lock.json

▲ Next.js 16.2.6 (Turbopack)
- Environments: .env

  Creating an optimized production build ...
✓ Compiled successfully in 4.4s
  Running TypeScript ...
  Finished TypeScript in 6.0s ...
  Collecting page data using 15 workers ...
  Generating static pages using 15 workers (0/24) ...
  Generating static pages using 15 workers (6/24) 
  Generating static pages using 15 workers (12/24) 
  Generating static pages using 15 workers (18/24) 
✓ Generating static pages using 15 workers (24/24) in 386ms
  Finalizing page optimization ...

Route (app)
┌ ƒ /
├ ƒ /_not-found
├ ƒ /admin/groups
├ ƒ /admin/scheduling
├ ƒ /admin/scheduling/locals
├ ƒ /admin/scheduling/slots
├ ƒ /admin/users
├ ƒ /api/auth/[...nextauth]
├ ƒ /api/auth/signout
├ ƒ /api/scheduling/bookings
├ ƒ /api/scheduling/export
├ ƒ /login
├ ƒ /relatorios
├ ƒ /relatorios/notas
├ ƒ /relatorios/notas/eefn
├ ƒ /relatorios/notas/raizes
├ ƒ /relatorios/notas/uni
├ ƒ /relatorios/notas/uniego
├ ƒ /relatorios/progresso
├ ƒ /relatorios/progresso/eefn
├ ƒ /relatorios/progresso/raizes
├ ƒ /relatorios/progresso/uni
└ ƒ /relatorios/progresso/uniego


ƒ Proxy (Middleware)

ƒ  (Dynamic)  server-rendered on demand

